===== top-4 replicate 1  22:04:38
top-4 moderation: 9 refinement calls per round (published: 3); refine_guidelines 1676 -> 1980 chars
[iteration 1] F1 0.7972 -> 0.8169 (candidate)  improved=True  checkpointed to outputs\20260902_ncbi_gpt54-high_topk4_r1\rounds\iteration_01
[iteration 2] F1 0.8169 -> 0.8252 (candidate)  improved=True  checkpointed to outputs\20260902_ncbi_gpt54-high_topk4_r1\rounds\iteration_02
[iteration 3] F1 0.8252 -> 0.8169 (candidate)  improved=False  checkpointed to outputs\20260902_ncbi_gpt54-high_topk4_r1\rounds\iteration_03
===== k=1 replicate 1  00:32:00
[iteration 1] F1 0.8451 -> 0.8194 (candidate)  improved=False  checkpointed to outputs\20260902_ncbi_gpt54-high_k1_r1\rounds\iteration_01
===== top-4 replicate 2  01:44:59
top-4 moderation: 9 refinement calls per round (published: 3); refine_guidelines 1676 -> 1980 chars
[iteration 1] F1 0.8028 -> 0.8552 (candidate)  improved=True  checkpointed to outputs\20260902_ncbi_gpt54-high_topk4_r2\rounds\iteration_01
[iteration 2] F1 0.8552 -> 0.8333 (candidate)  improved=False  checkpointed to outputs\20260902_ncbi_gpt54-high_topk4_r2\rounds\iteration_02
===== k=1 replicate 2  03:12:12
[iteration 1] F1 0.8028 -> 0.7273 (candidate)  improved=False  checkpointed to outputs\20260902_ncbi_gpt54-high_k1_r2\rounds\iteration_01
===== top-4 replicate 3  04:10:33
top-4 moderation: 9 refinement calls per round (published: 3); refine_guidelines 1676 -> 1980 chars
[iteration 1] F1 0.8194 -> 0.8310 (candidate)  improved=True  checkpointed to outputs\20260902_ncbi_gpt54-high_topk4_r3\rounds\iteration_01
[iteration 2] F1 0.8310 -> 0.8571 (candidate)  improved=True  checkpointed to outputs\20260902_ncbi_gpt54-high_topk4_r3\rounds\iteration_02
[iteration 3] F1 0.8571 -> 0.8841 (candidate)  improved=True  checkpointed to outputs\20260902_ncbi_gpt54-high_topk4_r3\rounds\iteration_03
[iteration 4] F1 0.8841 -> 0.8696 (candidate)  improved=False  checkpointed to outputs\20260902_ncbi_gpt54-high_topk4_r3\rounds\iteration_04
===== k=1 replicate 3  06:38:18
[iteration 1] F1 0.8028 -> 0.8511 (candidate)  improved=True  checkpointed to outputs\20260902_ncbi_gpt54-high_k1_r3\rounds\iteration_01
[iteration 2] F1 0.8511 -> 0.7887 (candidate)  improved=False  checkpointed to outputs\20260902_ncbi_gpt54-high_k1_r3\rounds\iteration_02
===== all six done  07:59:22
