model azure:4o, guideline 7367 chars, 5 repeats, temperature=None, effort=none
  dev10: 10 docs, 74 gold annotations
cache: C:\git\shuron\experiments\reproduction\results\temp_ablation\A2_4o_default

repeat 1: 0 cached, 10 to annotate
    r1 10196379.json       5.3s  1/10  (elapsed 0.1 min)
    r1 10484772.json       8.0s  2/10  (elapsed 0.2 min)
    r1 10545613.json       2.6s  3/10  (elapsed 0.3 min)
    r1 10577908.json       5.9s  4/10  (elapsed 0.4 min)
    r1 10724160.json       2.3s  5/10  (elapsed 0.4 min)
    r1 1303173.json        7.5s  6/10  (elapsed 0.5 min)
    r1 1345170.json        2.3s  7/10  (elapsed 0.6 min)
    r1 1671881.json        8.8s  8/10  (elapsed 0.7 min)
    r1 6859721.json        6.0s  9/10  (elapsed 0.8 min)
    r1 8326491.json        3.5s  10/10  (elapsed 0.9 min)
repeat 1 done: dev10 F1=0.4127

repeat 2: 0 cached, 10 to annotate
    r2 10196379.json       7.3s  1/10  (elapsed 1.0 min)
    r2 10484772.json       7.1s  2/10  (elapsed 1.1 min)
    r2 10545613.json       4.9s  3/10  (elapsed 1.2 min)
    r2 10577908.json       6.1s  4/10  (elapsed 1.3 min)
    r2 10724160.json       3.7s  5/10  (elapsed 1.4 min)
    r2 1303173.json        4.2s  6/10  (elapsed 1.4 min)
    r2 1345170.json        3.2s  7/10  (elapsed 1.5 min)
    r2 1671881.json        7.5s  8/10  (elapsed 1.6 min)
    r2 6859721.json        4.8s  9/10  (elapsed 1.7 min)
    r2 8326491.json        4.4s  10/10  (elapsed 1.8 min)
repeat 2 done: dev10 F1=0.3433

repeat 3: 0 cached, 10 to annotate
    r3 10196379.json       9.8s  1/10  (elapsed 1.9 min)
    r3 10484772.json       7.1s  2/10  (elapsed 2.0 min)
    r3 10545613.json       2.9s  3/10  (elapsed 2.1 min)
    r3 10577908.json       6.4s  4/10  (elapsed 2.2 min)
    r3 10724160.json       3.7s  5/10  (elapsed 2.3 min)
    r3 1303173.json       12.1s  6/10  (elapsed 2.5 min)
    r3 1345170.json        3.9s  7/10  (elapsed 2.5 min)
    r3 1671881.json        6.5s  8/10  (elapsed 2.6 min)
    r3 6859721.json        5.0s  9/10  (elapsed 2.7 min)
    r3 8326491.json        3.7s  10/10  (elapsed 2.8 min)
repeat 3 done: dev10 F1=0.3307

repeat 4: 0 cached, 10 to annotate
    r4 10196379.json       6.9s  1/10  (elapsed 2.9 min)
    r4 10484772.json       9.0s  2/10  (elapsed 3.0 min)
    r4 10545613.json       3.0s  3/10  (elapsed 3.1 min)
    r4 10577908.json       7.1s  4/10  (elapsed 3.2 min)
    r4 10724160.json       3.4s  5/10  (elapsed 3.3 min)
    r4 1303173.json        6.1s  6/10  (elapsed 3.4 min)
    r4 1345170.json        3.7s  7/10  (elapsed 3.4 min)
    r4 1671881.json        4.8s  8/10  (elapsed 3.5 min)
    r4 6859721.json        4.9s  9/10  (elapsed 3.6 min)
    r4 8326491.json        4.2s  10/10  (elapsed 3.7 min)
repeat 4 done: dev10 F1=0.3485

repeat 5: 0 cached, 10 to annotate
    r5 10196379.json       9.5s  1/10  (elapsed 3.8 min)
    r5 10484772.json       9.0s  2/10  (elapsed 4.0 min)
    r5 10545613.json       5.1s  3/10  (elapsed 4.1 min)
    r5 10577908.json       7.5s  4/10  (elapsed 4.2 min)
    r5 10724160.json       3.0s  5/10  (elapsed 4.2 min)
    r5 1303173.json        5.1s  6/10  (elapsed 4.3 min)
    r5 1345170.json        3.0s  7/10  (elapsed 4.4 min)
    r5 1671881.json        8.8s  8/10  (elapsed 4.5 min)
    r5 6859721.json        6.0s  9/10  (elapsed 4.6 min)
    r5 8326491.json        4.9s  10/10  (elapsed 4.7 min)
repeat 5 done: dev10 F1=0.3566


size     gold                                 F1 per repeat    range       SD  1/sqrt(N) pred
----------------------------------------------------------------------------------------------
dev10      74            0.4127 0.3433 0.3307 0.3485 0.3566   0.0820   0.0318  (reference)

size                  true positives per repeat    range       SD
-----------------------------------------------------------------
dev10                            26 23 21 23 23        5     1.79

written to reproduction\results\temp_ablation\A2_4o_default\summary.json
