10 documents, 74 gold annotations, guideline 7367 chars, 3 repeats

    call   1   130.1s  (elapsed 2.2 min)
    call   2   560.5s  (elapsed 11.5 min)
    call   3    34.0s  (elapsed 12.1 min)
    call   4   566.9s  (elapsed 21.5 min)
    call   5    33.9s  (elapsed 22.1 min)
    call   6   225.6s  (elapsed 25.8 min)
    call   7   259.4s  (elapsed 30.2 min)
    call   8   243.9s  (elapsed 34.2 min)
    call   9   178.6s  (elapsed 37.2 min)
    call  10   356.7s  (elapsed 43.2 min)
run 1: F1=0.8310  TP=59
    call  11   597.7s  (elapsed 53.1 min)
    call  12   129.2s  (elapsed 55.3 min)
    call  13    65.0s  (elapsed 56.4 min)
    call  14   899.1s  (elapsed 71.3 min)
    call  15    48.9s  (elapsed 72.2 min)
    call  16   296.9s  (elapsed 77.1 min)
    call  17   275.8s  (elapsed 81.7 min)
    call  18   114.8s  (elapsed 83.6 min)
    call  19   245.4s  (elapsed 87.7 min)
    call  20   696.4s  (elapsed 99.3 min)
run 2: F1=0.7943  TP=56
